../Core/Src/stm32f4xx_hal_msp.c:65:6:HAL_MspInit	8	static
../Core/Src/stm32f4xx_hal_msp.c:90:6:HAL_ADC_MspInit	40	static
../Core/Src/stm32f4xx_hal_msp.c:127:6:HAL_ADC_MspDeInit	0	static
../Core/Src/stm32f4xx_hal_msp.c:158:6:HAL_TIM_PWM_MspInit	8	static
../Core/Src/stm32f4xx_hal_msp.c:175:6:HAL_TIM_MspPostInit	32	static
../Core/Src/stm32f4xx_hal_msp.c:208:6:HAL_TIM_PWM_MspDeInit	0	static
../Core/Src/stm32f4xx_hal_msp.c:230:6:HAL_UART_MspInit	40	static
../Core/Src/stm32f4xx_hal_msp.c:267:6:HAL_UART_MspDeInit	0	static
